npm warn config ignoring workspace config at /home/rickc/OmniBazaar/Wallet/.npmrc
../Validator/src/p2p/SharedLibp2pNode.ts(97,7): error TS2412: Type 'undefined' is not assignable to type 'Promise<void>' with 'exactOptionalPropertyTypes: true'. Consider adding 'undefined' to the type of the target.
../Validator/src/p2p/SharedLibp2pNode.ts(236,5): error TS2412: Type 'undefined' is not assignable to type 'TypedLibp2p' with 'exactOptionalPropertyTypes: true'. Consider adding 'undefined' to the type of the target.
../Validator/src/p2p/SharedLibp2pNode.ts(237,5): error TS2412: Type 'undefined' is not assignable to type 'SharedNodeConfig' with 'exactOptionalPropertyTypes: true'. Consider adding 'undefined' to the type of the target.
../Validator/src/services/OmniWalletService.ts(775,46): error TS2379: Argument of type '{ contract: string; name: string | undefined; ownedTokens: number; }' is not assignable to parameter of type 'NFTCollection' with 'exactOptionalPropertyTypes: true'. Consider adding 'undefined' to the types of the target's properties.
  Types of property 'name' are incompatible.
    Type 'string | undefined' is not assignable to type 'string'.
      Type 'undefined' is not assignable to type 'string'.
../Validator/src/services/dex/oracles/OracleAggregator.ts(155,5): error TS2412: Type 'Provider | undefined' is not assignable to type 'Provider' with 'exactOptionalPropertyTypes: true'. Consider adding 'undefined' to the type of the target.
  Type 'undefined' is not assignable to type 'Provider'.
../Validator/src/utils/Logger.ts(216,9): error TS2412: Type 'string | undefined' is not assignable to type 'string' with 'exactOptionalPropertyTypes: true'. Consider adding 'undefined' to the type of the target.
  Type 'undefined' is not assignable to type 'string'.
